
<meta name="xh-codeeditor" content='{"confirmLeave":"Your modifications will be lost!"}'>
<link rel="stylesheet" type="text/css" href="../codeeditor/codemirror/codemirror-combined.css">
<link rel="stylesheet" type="text/css" href="../codeeditor/codemirror/theme/night.css">
<script src="../codeeditor/codemirror/codemirror-compressed.js"></script>
<script src="../codeeditor/codeeditor.js"></script>
<script>
codeeditor.filebrowser = function(type) {
    window.open("/?&filebrowser=editorbrowser&editor=codeeditor&prefix=..%2F&type=" + type, "codeeditor_filebrowser",
            "toolbar=no,location=no,status=no,menubar=no," +
            "scrollbars=yes,resizable=yes,width=640,height=480");
}</script>
