
<link rel="stylesheet" type="text/css" href="../codeeditor/codemirror/codemirror-combined.css">
<link rel="stylesheet" type="text/css" href="../codeeditor/codemirror/theme/night.css">
<script src="../codeeditor/codemirror/codemirror-compressed.js"></script>
<script src="../codeeditor/codeeditor.min.js"></script>
<script>
codeeditor.text = {&quot;confirmLeave&quot;:&quot;Your modifications will be lost!&quot;};
</script>
