
<h1>Codeeditor 2.2-dev</h1>
<h2>System check</h2>
<p class="xh_success">PHP version ≥ 7.1.0</p>
<p class="xh_success">CMSimple_XH version ≥ 1.7.0</p>
<p class="xh_success">Plib_XH version ≥ 1.3</p>
<p class="xh_success">Folder './plugins/codeeditor/config/' writable</p>
<p class="xh_success">Folder './plugins/codeeditor/css/' writable</p>
<p class="xh_success">Folder './plugins/codeeditor/languages/' writable</p>
