
<h1>Codeeditor 2.0</h1>
<h2>System check</h2>
<p class="xh_fail">PHP version ≥ 7.1.0</p>
<p class="xh_fail">CMSimple_XH version ≥ 1.7.0</p>
<p class="xh_fail">Plib_XH version ≥ 1.3</p>
<p class="xh_warning">Folder './plugins/codeeditor/config/' writable</p>
<p class="xh_warning">Folder './plugins/codeeditor/css/' writable</p>
<p class="xh_warning">Folder './plugins/codeeditor/languages/' writable</p>
